#-----------------------------------------------------------
# Vivado v2022.2 (64-bit)
# SW Build 3671981 on Fri Oct 14 05:00:03 MDT 2022
# IP Build 3669848 on Fri Oct 14 08:30:02 MDT 2022
# Start of session at: Fri May 12 03:27:39 2023
# Process ID: 7708
# Current directory: C:/Users/Eddie/source/repos/Certain-Synthesizer-FPGA-DAW/FPGA-DAW/FPGA-DAW.runs/design_1_axi_gpio_0_0_synth_1
# Command line: vivado.exe -log design_1_axi_gpio_0_0.vds -product Vivado -mode batch -messageDb vivado.pb -notrace -source design_1_axi_gpio_0_0.tcl
# Log file: C:/Users/Eddie/source/repos/Certain-Synthesizer-FPGA-DAW/FPGA-DAW/FPGA-DAW.runs/design_1_axi_gpio_0_0_synth_1/design_1_axi_gpio_0_0.vds
# Journal file: C:/Users/Eddie/source/repos/Certain-Synthesizer-FPGA-DAW/FPGA-DAW/FPGA-DAW.runs/design_1_axi_gpio_0_0_synth_1\vivado.jou
# Running On: Desktop2bksjk1, OS: Windows, CPU Frequency: 2592 MHz, CPU Physical cores: 6, Host memory: 16951 MB
#-----------------------------------------------------------
source design_1_axi_gpio_0_0.tcl -notrace
